// Jest Snapshot v1, https://goo.gl/fbAQLP

exports[`<Message /> matches snapshot 1`] = `"<li class=\\"Message__box--undefined\\"><ul class=\\"Message__client--undefined\\"></ul></li>"`;
